[debug] [2026-08-03T09:45:09.560Z] ----------------------------------------------------------------------
[debug] [2026-08-03T09:45:09.565Z] Command:       C:\Program Files\nodejs\node.exe C:\Users\mauro\AppData\Local\npm-cache\_npx\7750544ccf494d8b\node_modules\firebase-tools\lib\bin\firebase.js deploy --only hosting
[debug] [2026-08-03T09:45:09.566Z] CLI Version:   15.25.1
[debug] [2026-08-03T09:45:09.566Z] Platform:      win32
[debug] [2026-08-03T09:45:09.566Z] Node Version:  v24.18.0
[debug] [2026-08-03T09:45:09.567Z] Detected Agent: antigravity
[debug] [2026-08-03T09:45:09.567Z] Time:          Mon Aug 03 2026 05:45:09 GMT-0400 (hora estándar de Chile)
[debug] [2026-08-03T09:45:09.567Z] ----------------------------------------------------------------------
[debug] 
[debug] [2026-08-03T09:45:09.592Z] >>> [apiv2][query] GET https://firebase-public.firebaseio.com/cli.json [none]
[debug] [2026-08-03T09:45:20.333Z] > command requires scopes: ["email","openid","https://www.googleapis.com/auth/cloudplatformprojects.readonly","https://www.googleapis.com/auth/firebase","https://www.googleapis.com/auth/cloud-platform"]
[debug] [2026-08-03T09:45:23.737Z] Running auto auth
[debug] [2026-08-03T09:45:23.739Z] [iam] checking project ataraxia-dce06 for permissions ["firebase.projects.get","firebasehosting.sites.update"]
[debug] [2026-08-03T09:45:23.742Z] No OAuth tokens found
[debug] [2026-08-03T09:45:23.743Z] >>> [apiv2][query] POST https://cloudresourcemanager.googleapis.com/v1/projects/ataraxia-dce06:testIamPermissions [none]
[debug] [2026-08-03T09:45:23.744Z] >>> [apiv2][(partial)header] POST https://cloudresourcemanager.googleapis.com/v1/projects/ataraxia-dce06:testIamPermissions  x-goog-user-project=ataraxia-dce06
[debug] [2026-08-03T09:45:23.745Z] >>> [apiv2][body] POST https://cloudresourcemanager.googleapis.com/v1/projects/ataraxia-dce06:testIamPermissions {"permissions":["firebase.projects.get","firebasehosting.sites.update"]}
[debug] [2026-08-03T09:45:24.247Z] <<< [apiv2][status] GET https://firebase-public.firebaseio.com/cli.json 200
[debug] [2026-08-03T09:45:24.247Z] <<< [apiv2][body] GET https://firebase-public.firebaseio.com/cli.json {"cloudBuildErrorAfter":1594252800000,"cloudBuildWarnAfter":1590019200000,"defaultNode10After":1594252800000,"minVersion":"3.0.5","node8DeploysDisabledAfter":1613390400000,"node8RuntimeDisabledAfter":1615809600000,"node8WarnAfter":1600128000000}
[debug] [2026-08-03T09:45:26.838Z] <<< [apiv2][status] POST https://cloudresourcemanager.googleapis.com/v1/projects/ataraxia-dce06:testIamPermissions 403
[debug] [2026-08-03T09:45:26.838Z] <<< [apiv2][body] POST https://cloudresourcemanager.googleapis.com/v1/projects/ataraxia-dce06:testIamPermissions {"error":{"code":403,"message":"Caller does not have required permission to use project ataraxia-dce06. Grant the caller the roles/serviceusage.serviceUsageConsumer role, or a custom role with the serviceusage.services.use permission, by visiting https://console.developers.google.com/iam-admin/iam?project=ataraxia-dce06 and then retry. Propagation of the new permission may take a few minutes.","status":"PERMISSION_DENIED","details":[{"@type":"type.googleapis.com/google.rpc.ErrorInfo","reason":"USER_PROJECT_DENIED","domain":"googleapis.com","metadata":{"consoleUrl":"https://console.developers.google.com/iam-admin/iam?project=ataraxia-dce06","containerInfo":"ataraxia-dce06","service":"cloudresourcemanager.googleapis.com","consumer":"projects/ataraxia-dce06"}},{"@type":"type.googleapis.com/google.rpc.LocalizedMessage","locale":"en-US","message":"Caller does not have required permission to use project ataraxia-dce06. Grant the caller the roles/serviceusage.serviceUsageConsumer role, or a custom role with the serviceusage.services.use permission, by visiting https://console.developers.google.com/iam-admin/iam?project=ataraxia-dce06 and then retry. Propagation of the new permission may take a few minutes."},{"@type":"type.googleapis.com/google.rpc.Help","links":[{"description":"Google developer console IAM admin","url":"https://console.developers.google.com/iam-admin/iam?project=ataraxia-dce06"}]}]}}
[debug] [2026-08-03T09:45:26.841Z] [iam] error while checking permissions, command may fail: Request to https://cloudresourcemanager.googleapis.com/v1/projects/ataraxia-dce06:testIamPermissions had HTTP Error: 403, Caller does not have required permission to use project ataraxia-dce06. Grant the caller the roles/serviceusage.serviceUsageConsumer role, or a custom role with the serviceusage.services.use permission, by visiting https://console.developers.google.com/iam-admin/iam?project=ataraxia-dce06 and then retry. Propagation of the new permission may take a few minutes.
[debug] [2026-08-03T09:45:26.844Z] No OAuth tokens found
[debug] [2026-08-03T09:45:26.845Z] >>> [apiv2][query] GET https://firebase.googleapis.com/v1beta1/projects/ataraxia-dce06 [none]
[debug] [2026-08-03T09:45:27.818Z] <<< [apiv2][status] GET https://firebase.googleapis.com/v1beta1/projects/ataraxia-dce06 403
[debug] [2026-08-03T09:45:27.818Z] <<< [apiv2][body] GET https://firebase.googleapis.com/v1beta1/projects/ataraxia-dce06 {"error":{"code":403,"message":"The caller does not have permission","status":"PERMISSION_DENIED"}}
[debug] [2026-08-03T09:45:27.818Z] Request to https://firebase.googleapis.com/v1beta1/projects/ataraxia-dce06 had HTTP Error: 403, The caller does not have permission
[debug] [2026-08-03T09:45:27.820Z] FirebaseError: Request to https://firebase.googleapis.com/v1beta1/projects/ataraxia-dce06 had HTTP Error: 403, The caller does not have permission
    at responseToError (C:\Users\mauro\AppData\Local\npm-cache\_npx\7750544ccf494d8b\node_modules\firebase-tools\lib\responseToError.js:53:12)
    at RetryOperation._fn (C:\Users\mauro\AppData\Local\npm-cache\_npx\7750544ccf494d8b\node_modules\firebase-tools\lib\apiv2.js:415:77)
    at process.processTicksAndRejections (node:internal/process/task_queues:104:5)
[error] 
[error] Error: Failed to get Firebase project ataraxia-dce06. Please make sure the project exists and your account has permission to access it.
